ERROR - 2025-08-25 12:09:19 --> mysqli_sql_exception: Unknown column 'department' in 'field list' in C:\xampp\htdocs\HMS-ITE311\system\Database\MySQLi\Connection.php:327
Stack trace:
#0 C:\xampp\htdocs\HMS-ITE311\system\Database\MySQLi\Connection.php(327): mysqli->query('INSERT INTO `us...', 0)
#1 C:\xampp\htdocs\HMS-ITE311\system\Database\BaseConnection.php(729): CodeIgniter\Database\MySQLi\Connection->execute('INSERT INTO `us...')
#2 C:\xampp\htdocs\HMS-ITE311\system\Database\BaseConnection.php(646): CodeIgniter\Database\BaseConnection->simpleQuery('INSERT INTO `us...')
#3 C:\xampp\htdocs\HMS-ITE311\system\Database\BaseBuilder.php(1841): CodeIgniter\Database\BaseConnection->query('INSERT INTO `us...', NULL, false)
#4 C:\xampp\htdocs\HMS-ITE311\system\Database\BaseBuilder.php(2230): CodeIgniter\Database\BaseBuilder->batchExecute('_insertBatch', 100)
#5 C:\xampp\htdocs\HMS-ITE311\app\Database\Seeds\UserSeeder.php(200): CodeIgniter\Database\BaseBuilder->insertBatch(Array)
#6 C:\xampp\htdocs\HMS-ITE311\system\Database\Seeder.php(149): App\Database\Seeds\UserSeeder->run()
#7 C:\xampp\htdocs\HMS-ITE311\system\Commands\Database\Seed.php(79): CodeIgniter\Database\Seeder->call('App\\Database\\Se...')
#8 C:\xampp\htdocs\HMS-ITE311\system\CLI\Commands.php(74): CodeIgniter\Commands\Database\Seed->run(Array)
#9 C:\xampp\htdocs\HMS-ITE311\system\CLI\Console.php(47): CodeIgniter\CLI\Commands->run('db:seed', Array)
#10 C:\xampp\htdocs\HMS-ITE311\system\Boot.php(388): CodeIgniter\CLI\Console->run()
#11 C:\xampp\htdocs\HMS-ITE311\system\Boot.php(133): CodeIgniter\Boot::runCommand(Object(CodeIgniter\CLI\Console))
#12 C:\xampp\htdocs\HMS-ITE311\spark(87): CodeIgniter\Boot::bootSpark(Object(Config\Paths))
#13 {main}
ERROR - 2025-08-25 12:10:03 --> mysqli_sql_exception: Invalid default value for 'created_at' in C:\xampp\htdocs\HMS-ITE311\system\Database\MySQLi\Connection.php:327
Stack trace:
#0 C:\xampp\htdocs\HMS-ITE311\system\Database\MySQLi\Connection.php(327): mysqli->query('ALTER TABLE `us...', 0)
#1 C:\xampp\htdocs\HMS-ITE311\system\Database\BaseConnection.php(729): CodeIgniter\Database\MySQLi\Connection->execute('ALTER TABLE `us...')
#2 C:\xampp\htdocs\HMS-ITE311\system\Database\BaseConnection.php(646): CodeIgniter\Database\BaseConnection->simpleQuery('ALTER TABLE `us...')
#3 C:\xampp\htdocs\HMS-ITE311\system\Database\Forge.php(772): CodeIgniter\Database\BaseConnection->query('ALTER TABLE `us...')
#4 C:\xampp\htdocs\HMS-ITE311\app\Database\Migrations\2025-08-25-200935_AddUserFields.php(80): CodeIgniter\Database\Forge->addColumn('users', Array)
#5 C:\xampp\htdocs\HMS-ITE311\system\Database\MigrationRunner.php(876): App\Database\Migrations\AddUserFields->up()
#6 C:\xampp\htdocs\HMS-ITE311\system\Database\MigrationRunner.php(182): CodeIgniter\Database\MigrationRunner->migrate('up', Object(stdClass))
#7 C:\xampp\htdocs\HMS-ITE311\system\Commands\Database\Migrate.php(85): CodeIgniter\Database\MigrationRunner->latest(NULL)
#8 C:\xampp\htdocs\HMS-ITE311\system\CLI\Commands.php(74): CodeIgniter\Commands\Database\Migrate->run(Array)
#9 C:\xampp\htdocs\HMS-ITE311\system\CLI\Console.php(47): CodeIgniter\CLI\Commands->run('migrate', Array)
#10 C:\xampp\htdocs\HMS-ITE311\system\Boot.php(388): CodeIgniter\CLI\Console->run()
#11 C:\xampp\htdocs\HMS-ITE311\system\Boot.php(133): CodeIgniter\Boot::runCommand(Object(CodeIgniter\CLI\Console))
#12 C:\xampp\htdocs\HMS-ITE311\spark(87): CodeIgniter\Boot::bootSpark(Object(Config\Paths))
#13 {main}
